#! /usr/bin/env bash
exec /home/digital/miniconda3/envs/digital/bin/vvp -f "$0" "$@" <<'# EOF'
:ivl_version "13.0 (devel)" "(0_8-6859-gf50cc35d2-dirty)";
:ivl_delay_selection "TYPICAL";
:vpi_time_precision + 0;
:vpi_module "/home/digital/miniconda3/envs/digital/lib/ivl/system.vpi";
:vpi_module "/home/digital/miniconda3/envs/digital/lib/ivl/vhdl_sys.vpi";
:vpi_module "/home/digital/miniconda3/envs/digital/lib/ivl/vhdl_textio.vpi";
:vpi_module "/home/digital/miniconda3/envs/digital/lib/ivl/v2005_math.vpi";
:vpi_module "/home/digital/miniconda3/envs/digital/lib/ivl/va_math.vpi";
S_0x32d953a0 .scope module, "control_TB" "control_TB" 2 1;
 .timescale 0 0;
v0x32dfc5e0_0 .net "DEC", 0 0, v0x32dc4b20_0;  1 drivers
v0x32dfc6a0_0 .var "LessA", 0 0;
v0x32dfc740_0 .net "SHFT", 0 0, v0x32dc5180_0;  1 drivers
v0x32dfc7e0_0 .var "Zero", 0 0;
v0x32dfc880_0 .var "clk", 0 0;
v0x32dfc920_0 .net "done", 0 0, v0x32dfbfa0_0;  1 drivers
v0x32dfc9c0_0 .net "load", 0 0, v0x32dfc060_0;  1 drivers
v0x32dfca60_0 .var "rst", 0 0;
v0x32dfcb30_0 .net "set_Q", 0 0, v0x32dfc1e0_0;  1 drivers
v0x32dfcc00_0 .var "start", 0 0;
v0x32dfccd0_0 .net "update_A", 0 0, v0x32dfc360_0;  1 drivers
E_0x32dd55e0 .event posedge, v0x32dc5ce0_0;
S_0x32dd3d20 .scope module, "uut" "control" 2 15, 3 2 0, S_0x32d953a0;
 .timescale 0 0;
    .port_info 0 /INPUT 1 "clk";
    .port_info 1 /INPUT 1 "rst";
    .port_info 2 /INPUT 1 "start";
    .port_info 3 /INPUT 1 "Zero";
    .port_info 4 /INPUT 1 "LessA";
    .port_info 5 /OUTPUT 1 "load";
    .port_info 6 /OUTPUT 1 "SHFT";
    .port_info 7 /OUTPUT 1 "update_A";
    .port_info 8 /OUTPUT 1 "set_Q";
    .port_info 9 /OUTPUT 1 "DEC";
    .port_info 10 /OUTPUT 1 "done";
P_0x32dc31d0 .param/l "Check_Counter" 0 3 18, C4<001>;
P_0x32dc3210 .param/l "Check_minor" 0 3 20, C4<011>;
P_0x32dc3250 .param/l "Dec_Counter" 0 3 22, C4<101>;
P_0x32dc3290 .param/l "Done" 0 3 23, C4<110>;
P_0x32dc32d0 .param/l "Shift" 0 3 19, C4<010>;
P_0x32dc3310 .param/l "Substract" 0 3 21, C4<100>;
P_0x32dc3350 .param/l "init" 0 3 17, C4<000>;
v0x32dc4b20_0 .var "DEC", 0 0;
v0x32dc4e70_0 .net "LessA", 0 0, v0x32dfc6a0_0;  1 drivers
v0x32dc5180_0 .var "SHFT", 0 0;
v0x32dc54d0_0 .var "STATE", 2 0;
v0x32dc58e0_0 .net "Zero", 0 0, v0x32dfc7e0_0;  1 drivers
v0x32dc5ce0_0 .net "clk", 0 0, v0x32dfc880_0;  1 drivers
v0x32dc6070_0 .var "count", 4 0;
v0x32dfbfa0_0 .var "done", 0 0;
v0x32dfc060_0 .var "load", 0 0;
v0x32dfc120_0 .net "rst", 0 0, v0x32dfca60_0;  1 drivers
v0x32dfc1e0_0 .var "set_Q", 0 0;
v0x32dfc2a0_0 .net "start", 0 0, v0x32dfcc00_0;  1 drivers
v0x32dfc360_0 .var "update_A", 0 0;
E_0x32dd5980 .event anyedge, v0x32dc54d0_0;
E_0x32db8f90 .event posedge, v0x32dfc120_0, v0x32dc5ce0_0;
    .scope S_0x32dd3d20;
T_0 ;
    %wait E_0x32db8f90;
    %load/vec4 v0x32dfc120_0;
    %flag_set/vec4 8;
    %jmp/0xz  T_0.0, 8;
    %pushi/vec4 0, 0, 3;
    %assign/vec4 v0x32dc54d0_0, 0;
    %jmp T_0.1;
T_0.0 ;
    %load/vec4 v0x32dc54d0_0;
    %dup/vec4;
    %pushi/vec4 0, 0, 3;
    %cmp/u;
    %jmp/1 T_0.2, 6;
    %dup/vec4;
    %pushi/vec4 1, 0, 3;
    %cmp/u;
    %jmp/1 T_0.3, 6;
    %dup/vec4;
    %pushi/vec4 2, 0, 3;
    %cmp/u;
    %jmp/1 T_0.4, 6;
    %dup/vec4;
    %pushi/vec4 3, 0, 3;
    %cmp/u;
    %jmp/1 T_0.5, 6;
    %dup/vec4;
    %pushi/vec4 4, 0, 3;
    %cmp/u;
    %jmp/1 T_0.6, 6;
    %dup/vec4;
    %pushi/vec4 5, 0, 3;
    %cmp/u;
    %jmp/1 T_0.7, 6;
    %dup/vec4;
    %pushi/vec4 6, 0, 3;
    %cmp/u;
    %jmp/1 T_0.8, 6;
    %pushi/vec4 0, 0, 3;
    %store/vec4 v0x32dc54d0_0, 0, 3;
    %jmp T_0.10;
T_0.2 ;
    %pushi/vec4 0, 0, 5;
    %assign/vec4 v0x32dc6070_0, 0;
    %load/vec4 v0x32dfc2a0_0;
    %flag_set/vec4 8;
    %jmp/0xz  T_0.11, 8;
    %pushi/vec4 1, 0, 3;
    %store/vec4 v0x32dc54d0_0, 0, 3;
    %jmp T_0.12;
T_0.11 ;
    %pushi/vec4 0, 0, 3;
    %store/vec4 v0x32dc54d0_0, 0, 3;
T_0.12 ;
    %jmp T_0.10;
T_0.3 ;
    %load/vec4 v0x32dc58e0_0;
    %flag_set/vec4 8;
    %jmp/0xz  T_0.13, 8;
    %pushi/vec4 6, 0, 3;
    %store/vec4 v0x32dc54d0_0, 0, 3;
    %jmp T_0.14;
T_0.13 ;
    %pushi/vec4 2, 0, 3;
    %store/vec4 v0x32dc54d0_0, 0, 3;
T_0.14 ;
    %jmp T_0.10;
T_0.4 ;
    %pushi/vec4 3, 0, 3;
    %store/vec4 v0x32dc54d0_0, 0, 3;
    %jmp T_0.10;
T_0.5 ;
    %load/vec4 v0x32dc4e70_0;
    %flag_set/vec4 8;
    %jmp/0xz  T_0.15, 8;
    %pushi/vec4 5, 0, 3;
    %store/vec4 v0x32dc54d0_0, 0, 3;
    %jmp T_0.16;
T_0.15 ;
    %pushi/vec4 4, 0, 3;
    %store/vec4 v0x32dc54d0_0, 0, 3;
T_0.16 ;
    %jmp T_0.10;
T_0.6 ;
    %pushi/vec4 5, 0, 3;
    %store/vec4 v0x32dc54d0_0, 0, 3;
    %jmp T_0.10;
T_0.7 ;
    %pushi/vec4 1, 0, 3;
    %store/vec4 v0x32dc54d0_0, 0, 3;
    %jmp T_0.10;
T_0.8 ;
    %load/vec4 v0x32dc6070_0;
    %addi 1, 0, 5;
    %assign/vec4 v0x32dc6070_0, 0;
    %load/vec4 v0x32dc6070_0;
    %pad/u 32;
    %cmpi/u 28, 0, 32;
    %flag_inv 5; GE is !LT
    %jmp/0xz  T_0.17, 5;
    %pushi/vec4 0, 0, 3;
    %store/vec4 v0x32dc54d0_0, 0, 3;
    %jmp T_0.18;
T_0.17 ;
    %pushi/vec4 6, 0, 3;
    %store/vec4 v0x32dc54d0_0, 0, 3;
T_0.18 ;
    %jmp T_0.10;
T_0.10 ;
    %pop/vec4 1;
T_0.1 ;
    %jmp T_0;
    .thread T_0;
    .scope S_0x32dd3d20;
T_1 ;
    %wait E_0x32dd5980;
    %load/vec4 v0x32dc54d0_0;
    %dup/vec4;
    %pushi/vec4 0, 0, 3;
    %cmp/u;
    %jmp/1 T_1.0, 6;
    %dup/vec4;
    %pushi/vec4 1, 0, 3;
    %cmp/u;
    %jmp/1 T_1.1, 6;
    %dup/vec4;
    %pushi/vec4 2, 0, 3;
    %cmp/u;
    %jmp/1 T_1.2, 6;
    %dup/vec4;
    %pushi/vec4 3, 0, 3;
    %cmp/u;
    %jmp/1 T_1.3, 6;
    %dup/vec4;
    %pushi/vec4 4, 0, 3;
    %cmp/u;
    %jmp/1 T_1.4, 6;
    %dup/vec4;
    %pushi/vec4 5, 0, 3;
    %cmp/u;
    %jmp/1 T_1.5, 6;
    %dup/vec4;
    %pushi/vec4 6, 0, 3;
    %cmp/u;
    %jmp/1 T_1.6, 6;
    %pushi/vec4 0, 0, 1;
    %store/vec4 v0x32dfc060_0, 0, 1;
    %pushi/vec4 0, 0, 1;
    %store/vec4 v0x32dc5180_0, 0, 1;
    %pushi/vec4 0, 0, 1;
    %store/vec4 v0x32dfc360_0, 0, 1;
    %pushi/vec4 0, 0, 1;
    %store/vec4 v0x32dfc1e0_0, 0, 1;
    %pushi/vec4 0, 0, 1;
    %store/vec4 v0x32dc4b20_0, 0, 1;
    %pushi/vec4 0, 0, 1;
    %store/vec4 v0x32dfbfa0_0, 0, 1;
    %jmp T_1.8;
T_1.0 ;
    %pushi/vec4 1, 0, 1;
    %store/vec4 v0x32dfc060_0, 0, 1;
    %pushi/vec4 0, 0, 1;
    %store/vec4 v0x32dc5180_0, 0, 1;
    %pushi/vec4 0, 0, 1;
    %store/vec4 v0x32dfc360_0, 0, 1;
    %pushi/vec4 0, 0, 1;
    %store/vec4 v0x32dfc1e0_0, 0, 1;
    %pushi/vec4 0, 0, 1;
    %store/vec4 v0x32dc4b20_0, 0, 1;
    %pushi/vec4 0, 0, 1;
    %store/vec4 v0x32dfbfa0_0, 0, 1;
    %jmp T_1.8;
T_1.1 ;
    %pushi/vec4 0, 0, 1;
    %store/vec4 v0x32dfc060_0, 0, 1;
    %pushi/vec4 0, 0, 1;
    %store/vec4 v0x32dc5180_0, 0, 1;
    %pushi/vec4 0, 0, 1;
    %store/vec4 v0x32dfc360_0, 0, 1;
    %pushi/vec4 0, 0, 1;
    %store/vec4 v0x32dfc1e0_0, 0, 1;
    %pushi/vec4 0, 0, 1;
    %store/vec4 v0x32dc4b20_0, 0, 1;
    %pushi/vec4 0, 0, 1;
    %store/vec4 v0x32dfbfa0_0, 0, 1;
    %jmp T_1.8;
T_1.2 ;
    %pushi/vec4 0, 0, 1;
    %store/vec4 v0x32dfc060_0, 0, 1;
    %pushi/vec4 1, 0, 1;
    %store/vec4 v0x32dc5180_0, 0, 1;
    %pushi/vec4 0, 0, 1;
    %store/vec4 v0x32dfc360_0, 0, 1;
    %pushi/vec4 0, 0, 1;
    %store/vec4 v0x32dfc1e0_0, 0, 1;
    %pushi/vec4 0, 0, 1;
    %store/vec4 v0x32dc4b20_0, 0, 1;
    %pushi/vec4 0, 0, 1;
    %store/vec4 v0x32dfbfa0_0, 0, 1;
    %jmp T_1.8;
T_1.3 ;
    %pushi/vec4 0, 0, 1;
    %store/vec4 v0x32dfc060_0, 0, 1;
    %pushi/vec4 0, 0, 1;
    %store/vec4 v0x32dc5180_0, 0, 1;
    %pushi/vec4 0, 0, 1;
    %store/vec4 v0x32dfc360_0, 0, 1;
    %pushi/vec4 0, 0, 1;
    %store/vec4 v0x32dfc1e0_0, 0, 1;
    %pushi/vec4 0, 0, 1;
    %store/vec4 v0x32dc4b20_0, 0, 1;
    %pushi/vec4 0, 0, 1;
    %store/vec4 v0x32dfbfa0_0, 0, 1;
    %jmp T_1.8;
T_1.4 ;
    %pushi/vec4 0, 0, 1;
    %store/vec4 v0x32dfc060_0, 0, 1;
    %pushi/vec4 0, 0, 1;
    %store/vec4 v0x32dc5180_0, 0, 1;
    %pushi/vec4 1, 0, 1;
    %store/vec4 v0x32dfc360_0, 0, 1;
    %pushi/vec4 1, 0, 1;
    %store/vec4 v0x32dfc1e0_0, 0, 1;
    %pushi/vec4 0, 0, 1;
    %store/vec4 v0x32dc4b20_0, 0, 1;
    %pushi/vec4 0, 0, 1;
    %store/vec4 v0x32dfbfa0_0, 0, 1;
    %jmp T_1.8;
T_1.5 ;
    %pushi/vec4 0, 0, 1;
    %store/vec4 v0x32dfc060_0, 0, 1;
    %pushi/vec4 0, 0, 1;
    %store/vec4 v0x32dc5180_0, 0, 1;
    %pushi/vec4 0, 0, 1;
    %store/vec4 v0x32dfc360_0, 0, 1;
    %pushi/vec4 0, 0, 1;
    %store/vec4 v0x32dfc1e0_0, 0, 1;
    %pushi/vec4 1, 0, 1;
    %store/vec4 v0x32dc4b20_0, 0, 1;
    %pushi/vec4 0, 0, 1;
    %store/vec4 v0x32dfbfa0_0, 0, 1;
    %jmp T_1.8;
T_1.6 ;
    %pushi/vec4 0, 0, 1;
    %store/vec4 v0x32dfc060_0, 0, 1;
    %pushi/vec4 0, 0, 1;
    %store/vec4 v0x32dc5180_0, 0, 1;
    %pushi/vec4 0, 0, 1;
    %store/vec4 v0x32dfc360_0, 0, 1;
    %pushi/vec4 0, 0, 1;
    %store/vec4 v0x32dfc1e0_0, 0, 1;
    %pushi/vec4 0, 0, 1;
    %store/vec4 v0x32dc4b20_0, 0, 1;
    %pushi/vec4 1, 0, 1;
    %store/vec4 v0x32dfbfa0_0, 0, 1;
    %jmp T_1.8;
T_1.8 ;
    %pop/vec4 1;
    %jmp T_1;
    .thread T_1, $push;
    .scope S_0x32d953a0;
T_2 ;
    %pushi/vec4 0, 0, 1;
    %store/vec4 v0x32dfc880_0, 0, 1;
T_2.0 ;
    %delay 20, 0;
    %load/vec4 v0x32dfc880_0;
    %inv;
    %store/vec4 v0x32dfc880_0, 0, 1;
    %jmp T_2.0;
T_2.1 ;
    %end;
    .thread T_2;
    .scope S_0x32d953a0;
T_3 ;
    %vpi_call 2 21 "$dumpfile", "control_TB.vcd" {0 0 0};
    %vpi_call 2 22 "$dumpvars", 32'sb00000000000000000000000000000000, S_0x32d953a0 {0 0 0};
    %pushi/vec4 1, 0, 1;
    %store/vec4 v0x32dfca60_0, 0, 1;
    %pushi/vec4 0, 0, 1;
    %store/vec4 v0x32dfcc00_0, 0, 1;
    %pushi/vec4 0, 0, 1;
    %store/vec4 v0x32dfc7e0_0, 0, 1;
    %pushi/vec4 0, 0, 1;
    %store/vec4 v0x32dfc6a0_0, 0, 1;
    %wait E_0x32dd55e0;
    %pushi/vec4 0, 0, 1;
    %store/vec4 v0x32dfca60_0, 0, 1;
    %pushi/vec4 1, 0, 1;
    %store/vec4 v0x32dfcc00_0, 0, 1;
    %wait E_0x32dd55e0;
    %pushi/vec4 0, 0, 1;
    %store/vec4 v0x32dfcc00_0, 0, 1;
    %pushi/vec4 2, 0, 32;
T_3.0 %dup/vec4;
    %pushi/vec4 0, 0, 32;
    %cmp/s;
    %jmp/1xz T_3.1, 5;
    %jmp/1 T_3.1, 4;
    %pushi/vec4 1, 0, 32;
    %sub;
    %wait E_0x32dd55e0;
    %jmp T_3.0;
T_3.1 ;
    %pop/vec4 1;
    %pushi/vec4 1, 0, 1;
    %store/vec4 v0x32dfc6a0_0, 0, 1;
    %wait E_0x32dd55e0;
    %pushi/vec4 0, 0, 1;
    %store/vec4 v0x32dfc6a0_0, 0, 1;
    %wait E_0x32dd55e0;
    %pushi/vec4 1, 0, 1;
    %store/vec4 v0x32dfc7e0_0, 0, 1;
    %wait E_0x32dd55e0;
    %pushi/vec4 0, 0, 1;
    %store/vec4 v0x32dfc7e0_0, 0, 1;
    %wait E_0x32dd55e0;
    %pushi/vec4 1, 0, 1;
    %store/vec4 v0x32dfca60_0, 0, 1;
    %wait E_0x32dd55e0;
    %pushi/vec4 1, 0, 1;
    %store/vec4 v0x32dfcc00_0, 0, 1;
    %pushi/vec4 0, 0, 1;
    %store/vec4 v0x32dfca60_0, 0, 1;
    %wait E_0x32dd55e0;
    %pushi/vec4 0, 0, 1;
    %store/vec4 v0x32dfcc00_0, 0, 1;
    %pushi/vec4 5, 0, 32;
T_3.2 %dup/vec4;
    %pushi/vec4 0, 0, 32;
    %cmp/s;
    %jmp/1xz T_3.3, 5;
    %jmp/1 T_3.3, 4;
    %pushi/vec4 1, 0, 32;
    %sub;
    %wait E_0x32dd55e0;
    %jmp T_3.2;
T_3.3 ;
    %pop/vec4 1;
    %pushi/vec4 1, 0, 1;
    %store/vec4 v0x32dfc7e0_0, 0, 1;
    %wait E_0x32dd55e0;
    %pushi/vec4 0, 0, 1;
    %store/vec4 v0x32dfc7e0_0, 0, 1;
    %pushi/vec4 29, 0, 32;
T_3.4 %dup/vec4;
    %pushi/vec4 0, 0, 32;
    %cmp/s;
    %jmp/1xz T_3.5, 5;
    %jmp/1 T_3.5, 4;
    %pushi/vec4 1, 0, 32;
    %sub;
    %wait E_0x32dd55e0;
    %jmp T_3.4;
T_3.5 ;
    %pop/vec4 1;
    %delay 40, 0;
    %vpi_call 2 57 "$finish" {0 0 0};
    %end;
    .thread T_3;
# The file index is used to find the file name in the following table.
:file_names 4;
    "N/A";
    "<interactive>";
    "control_TB.v";
    "control.v";
# EOF
